Archive member included to satisfy reference by file (symbol)

C:/ST/STM32CubeIDE_2.2.0/STM32CubeIDE/plugins/com.st.stm32cube.ide.mcu.externaltools.gnu-tools-for-stm32.14.3.rel1.win32_1.0.100.202602081740/tools/bin/../lib/gcc/arm-none-eabi/14.3.1/../../../../arm-none-eabi/lib/thumb/v6-m/nofp\libc_nano.a(libc_a-exit.o)
                              C:/ST/STM32CubeIDE_2.2.0/STM32CubeIDE/plugins/com.st.stm32cube.ide.mcu.externaltools.gnu-tools-for-stm32.14.3.rel1.win32_1.0.100.202602081740/tools/bin/../lib/gcc/arm-none-eabi/14.3.1/../../../../arm-none-eabi/lib/thumb/v6-m/nofp/crt0.o (exit)
C:/ST/STM32CubeIDE_2.2.0/STM32CubeIDE/plugins/com.st.stm32cube.ide.mcu.externaltools.gnu-tools-for-stm32.14.3.rel1.win32_1.0.100.202602081740/tools/bin/../lib/gcc/arm-none-eabi/14.3.1/../../../../arm-none-eabi/lib/thumb/v6-m/nofp\libc_nano.a(libc_a-findfp.o)
                              C:/ST/STM32CubeIDE_2.2.0/STM32CubeIDE/plugins/com.st.stm32cube.ide.mcu.externaltools.gnu-tools-for-stm32.14.3.rel1.win32_1.0.100.202602081740/tools/bin/../lib/gcc/arm-none-eabi/14.3.1/../../../../arm-none-eabi/lib/thumb/v6-m/nofp\libc_nano.a(libc_a-exit.o) (__stdio_exit_handler)
C:/ST/STM32CubeIDE_2.2.0/STM32CubeIDE/plugins/com.st.stm32cube.ide.mcu.externaltools.gnu-tools-for-stm32.14.3.rel1.win32_1.0.100.202602081740/tools/bin/../lib/gcc/arm-none-eabi/14.3.1/../../../../arm-none-eabi/lib/thumb/v6-m/nofp\libc_nano.a(libc_a-fwalk.o)
                              C:/ST/STM32CubeIDE_2.2.0/STM32CubeIDE/plugins/com.st.stm32cube.ide.mcu.externaltools.gnu-tools-for-stm32.14.3.rel1.win32_1.0.100.202602081740/tools/bin/../lib/gcc/arm-none-eabi/14.3.1/../../../../arm-none-eabi/lib/thumb/v6-m/nofp\libc_nano.a(libc_a-findfp.o) (_fwalk_sglue)
C:/ST/STM32CubeIDE_2.2.0/STM32CubeIDE/plugins/com.st.stm32cube.ide.mcu.externaltools.gnu-tools-for-stm32.14.3.rel1.win32_1.0.100.202602081740/tools/bin/../lib/gcc/arm-none-eabi/14.3.1/../../../../arm-none-eabi/lib/thumb/v6-m/nofp\libc_nano.a(libc_a-stdio.o)
                              C:/ST/STM32CubeIDE_2.2.0/STM32CubeIDE/plugins/com.st.stm32cube.ide.mcu.externaltools.gnu-tools-for-stm32.14.3.rel1.win32_1.0.100.202602081740/tools/bin/../lib/gcc/arm-none-eabi/14.3.1/../../../../arm-none-eabi/lib/thumb/v6-m/nofp\libc_nano.a(libc_a-findfp.o) (__sread)
C:/ST/STM32CubeIDE_2.2.0/STM32CubeIDE/plugins/com.st.stm32cube.ide.mcu.externaltools.gnu-tools-for-stm32.14.3.rel1.win32_1.0.100.202602081740/tools/bin/../lib/gcc/arm-none-eabi/14.3.1/../../../../arm-none-eabi/lib/thumb/v6-m/nofp\libc_nano.a(libc_a-memset.o)
                              C:/ST/STM32CubeIDE_2.2.0/STM32CubeIDE/plugins/com.st.stm32cube.ide.mcu.externaltools.gnu-tools-for-stm32.14.3.rel1.win32_1.0.100.202602081740/tools/bin/../lib/gcc/arm-none-eabi/14.3.1/../../../../arm-none-eabi/lib/thumb/v6-m/nofp/crt0.o (memset)
C:/ST/STM32CubeIDE_2.2.0/STM32CubeIDE/plugins/com.st.stm32cube.ide.mcu.externaltools.gnu-tools-for-stm32.14.3.rel1.win32_1.0.100.202602081740/tools/bin/../lib/gcc/arm-none-eabi/14.3.1/../../../../arm-none-eabi/lib/thumb/v6-m/nofp\libc_nano.a(libc_a-closer.o)
                              C:/ST/STM32CubeIDE_2.2.0/STM32CubeIDE/plugins/com.st.stm32cube.ide.mcu.externaltools.gnu-tools-for-stm32.14.3.rel1.win32_1.0.100.202602081740/tools/bin/../lib/gcc/arm-none-eabi/14.3.1/../../../../arm-none-eabi/lib/thumb/v6-m/nofp\libc_nano.a(libc_a-stdio.o) (_close_r)
C:/ST/STM32CubeIDE_2.2.0/STM32CubeIDE/plugins/com.st.stm32cube.ide.mcu.externaltools.gnu-tools-for-stm32.14.3.rel1.win32_1.0.100.202602081740/tools/bin/../lib/gcc/arm-none-eabi/14.3.1/../../../../arm-none-eabi/lib/thumb/v6-m/nofp\libc_nano.a(libc_a-reent.o)
                              C:/ST/STM32CubeIDE_2.2.0/STM32CubeIDE/plugins/com.st.stm32cube.ide.mcu.externaltools.gnu-tools-for-stm32.14.3.rel1.win32_1.0.100.202602081740/tools/bin/../lib/gcc/arm-none-eabi/14.3.1/../../../../arm-none-eabi/lib/thumb/v6-m/nofp\libc_nano.a(libc_a-closer.o) (errno)
C:/ST/STM32CubeIDE_2.2.0/STM32CubeIDE/plugins/com.st.stm32cube.ide.mcu.externaltools.gnu-tools-for-stm32.14.3.rel1.win32_1.0.100.202602081740/tools/bin/../lib/gcc/arm-none-eabi/14.3.1/../../../../arm-none-eabi/lib/thumb/v6-m/nofp\libc_nano.a(libc_a-impure.o)
                              C:/ST/STM32CubeIDE_2.2.0/STM32CubeIDE/plugins/com.st.stm32cube.ide.mcu.externaltools.gnu-tools-for-stm32.14.3.rel1.win32_1.0.100.202602081740/tools/bin/../lib/gcc/arm-none-eabi/14.3.1/../../../../arm-none-eabi/lib/thumb/v6-m/nofp\libc_nano.a(libc_a-reent.o) (_impure_ptr)
C:/ST/STM32CubeIDE_2.2.0/STM32CubeIDE/plugins/com.st.stm32cube.ide.mcu.externaltools.gnu-tools-for-stm32.14.3.rel1.win32_1.0.100.202602081740/tools/bin/../lib/gcc/arm-none-eabi/14.3.1/../../../../arm-none-eabi/lib/thumb/v6-m/nofp\libc_nano.a(libc_a-lseekr.o)
[...]
Memory Configuration

Name             Origin             Length             Attributes
RAM              0x20000000         0x00009000         xrw
FLASH            0x08000000         0x00010000         xr
*default*        0x00000000         0xffffffff

Linker script and memory map

LOAD C:/ST/STM32CubeIDE_2.2.0/STM32CubeIDE/plugins/com.st.stm32cube.ide.mcu.externaltools.gnu-tools-for-stm32.14.3.rel1.win32_1.0.100.202602081740/tools/bin/../lib/gcc/arm-none-eabi/14.3.1/thumb/v6-m/nofp/crti.o
LOAD C:/ST/STM32CubeIDE_2.2.0/STM32CubeIDE/plugins/com.st.stm32cube.ide.mcu.externaltools.gnu-tools-for-stm32.14.3.rel1.win32_1.0.100.202602081740/tools/bin/../lib/gcc/arm-none-eabi/14.3.1/thumb/v6-m/nofp/crtbegin.o
LOAD C:/ST/STM32CubeIDE_2.2.0/STM32CubeIDE/plugins/com.st.stm32cube.ide.mcu.externaltools.gnu-tools-for-stm32.14.3.rel1.win32_1.0.100.202602081740/tools/bin/../lib/gcc/arm-none-eabi/14.3.1/../../../../arm-none-eabi/lib/thumb/v6-m/nofp/crt0.o
LOAD ./Core/Src/img.o
LOAD ./Core/Src/main.o
LOAD ./Core/Src/pinDriver.o
LOAD ./Core/Src/pinRenderer.o
LOAD ./Core/Src/stm32g0xx_hal_msp.o
LOAD ./Core/Src/stm32g0xx_it.o
LOAD ./Core/Src/syscalls.o
LOAD ./Core/Src/sysmem.o
LOAD ./Core/Src/system_stm32g0xx.o
LOAD ./Core/Startup/startup_stm32g071r8tx.o
LOAD ./Drivers/STM32G0xx_HAL_Driver/Src/stm32g0xx_hal.o
LOAD ./Drivers/STM32G0xx_HAL_Driver/Src/stm32g0xx_hal_cortex.o
LOAD ./Drivers/STM32G0xx_HAL_Driver/Src/stm32g0xx_hal_dma.o
LOAD ./Drivers/STM32G0xx_HAL_Driver/Src/stm32g0xx_hal_dma_ex.o
LOAD ./Drivers/STM32G0xx_HAL_Driver/Src/stm32g0xx_hal_exti.o
LOAD ./Drivers/STM32G0xx_HAL_Driver/Src/stm32g0xx_hal_flash.o
LOAD ./Drivers/STM32G0xx_HAL_Driver/Src/stm32g0xx_hal_flash_ex.o
LOAD ./Drivers/STM32G0xx_HAL_Driver/Src/stm32g0xx_hal_gpio.o
LOAD ./Drivers/STM32G0xx_HAL_Driver/Src/stm32g0xx_hal_pwr.o
LOAD ./Drivers/STM32G0xx_HAL_Driver/Src/stm32g0xx_hal_pwr_ex.o
LOAD ./Drivers/STM32G0xx_HAL_Driver/Src/stm32g0xx_hal_rcc.o
LOAD ./Drivers/STM32G0xx_HAL_Driver/Src/stm32g0xx_hal_rcc_ex.o
LOAD ./Drivers/STM32G0xx_HAL_Driver/Src/stm32g0xx_hal_tim.o
LOAD ./Drivers/STM32G0xx_HAL_Driver/Src/stm32g0xx_hal_tim_ex.o
LOAD ./Drivers/STM32G0xx_HAL_Driver/Src/stm32g0xx_ll_rcc.o
START GROUP
LOAD C:/ST/STM32CubeIDE_2.2.0/STM32CubeIDE/plugins/com.st.stm32cube.ide.mcu.externaltools.gnu-tools-for-stm32.14.3.rel1.win32_1.0.100.202602081740/tools/bin/../lib/gcc/arm-none-eabi/14.3.1/../../../../arm-none-eabi/lib/thumb/v6-m/nofp\libc_nano.a
LOAD C:/ST/STM32CubeIDE_2.2.0/STM32CubeIDE/plugins/com.st.stm32cube.ide.mcu.externaltools.gnu-tools-for-stm32.14.3.rel1.win32_1.0.100.202602081740/tools/bin/../lib/gcc/arm-none-eabi/14.3.1/../../../../arm-none-eabi/lib/thumb/v6-m/nofp\libm.a
END GROUP
START GROUP
LOAD C:/ST/STM32CubeIDE_2.2.0/STM32CubeIDE/plugins/com.st.stm32cube.ide.mcu.externaltools.gnu-tools-for-stm32.14.3.rel1.win32_1.0.100.202602081740/tools/bin/../lib/gcc/arm-none-eabi/14.3.1/thumb/v6-m/nofp\libgcc.a
LOAD C:/ST/STM32CubeIDE_2.2.0/STM32CubeIDE/plugins/com.st.stm32cube.ide.mcu.externaltools.gnu-tools-for-stm32.14.3.rel1.win32_1.0.100.202602081740/tools/bin/../lib/gcc/arm-none-eabi/14.3.1/../../../../arm-none-eabi/lib/thumb/v6-m/nofp\libc_nano.a
END GROUP
START GROUP
LOAD C:/ST/STM32CubeIDE_2.2.0/STM32CubeIDE/plugins/com.st.stm32cube.ide.mcu.externaltools.gnu-tools-for-stm32.14.3.rel1.win32_1.0.100.202602081740/tools/bin/../lib/gcc/arm-none-eabi/14.3.1/thumb/v6-m/nofp\libgcc.a
LOAD C:/ST/STM32CubeIDE_2.2.0/STM32CubeIDE/plugins/com.st.stm32cube.ide.mcu.externaltools.gnu-tools-for-stm32.14.3.rel1.win32_1.0.100.202602081740/tools/bin/../lib/gcc/arm-none-eabi/14.3.1/../../../../arm-none-eabi/lib/thumb/v6-m/nofp\libc_nano.a
LOAD C:/ST/STM32CubeIDE_2.2.0/STM32CubeIDE/plugins/com.st.stm32cube.ide.mcu.externaltools.gnu-tools-for-stm32.14.3.rel1.win32_1.0.100.202602081740/tools/bin/../lib/gcc/arm-none-eabi/14.3.1/../../../../arm-none-eabi/lib/thumb/v6-m/nofp\libnosys.a
END GROUP
START GROUP
LOAD C:/ST/STM32CubeIDE_2.2.0/STM32CubeIDE/plugins/com.st.stm32cube.ide.mcu.externaltools.gnu-tools-for-stm32.14.3.rel1.win32_1.0.100.202602081740/tools/bin/../lib/gcc/arm-none-eabi/14.3.1/thumb/v6-m/nofp\libgcc.a
LOAD C:/ST/STM32CubeIDE_2.2.0/STM32CubeIDE/plugins/com.st.stm32cube.ide.mcu.externaltools.gnu-tools-for-stm32.14.3.rel1.win32_1.0.100.202602081740/tools/bin/../lib/gcc/arm-none-eabi/14.3.1/../../../../arm-none-eabi/lib/thumb/v6-m/nofp\libc_nano.a
LOAD C:/ST/STM32CubeIDE_2.2.0/STM32CubeIDE/plugins/com.st.stm32cube.ide.mcu.externaltools.gnu-tools-for-stm32.14.3.rel1.win32_1.0.100.202602081740/tools/bin/../lib/gcc/arm-none-eabi/14.3.1/../../../../arm-none-eabi/lib/thumb/v6-m/nofp\libnosys.a
END GROUP
LOAD C:/ST/STM32CubeIDE_2.2.0/STM32CubeIDE/plugins/com.st.stm32cube.ide.mcu.externaltools.gnu-tools-for-stm32.14.3.rel1.win32_1.0.100.202602081740/tools/bin/../lib/gcc/arm-none-eabi/14.3.1/thumb/v6-m/nofp/crtend.o
LOAD C:/ST/STM32CubeIDE_2.2.0/STM32CubeIDE/plugins/com.st.stm32cube.ide.mcu.externaltools.gnu-tools-for-stm32.14.3.rel1.win32_1.0.100.202602081740/tools/bin/../lib/gcc/arm-none-eabi/14.3.1/thumb/v6-m/nofp/crtn.o
                0x20009000                        _estack = (ORIGIN (RAM) + LENGTH (RAM))
                0x00000200                        _Min_Heap_Size = 0x200
                0x00000400                        _Min_Stack_Size = 0x400

.isr_vector     0x08000000       0xbc
                0x08000000                        . = ALIGN (0x4)
 *(.isr_vector)
 .isr_vector    0x08000000       0xbc ./Core/Startup/startup_stm32g071r8tx.o
                0x08000000                g_pfnVectors
                0x080000bc                        . = ALIGN (0x4)

.text           0x080000bc     0x1f90
                0x080000bc                        . = ALIGN (0x4)
 *(.text)
 .text          0x080000bc       0x48 C:/ST/STM32CubeIDE_2.2.0/STM32CubeIDE/plugins/com.st.stm32cube.ide.mcu.externaltools.gnu-tools-for-stm32.14.3.rel1.win32_1.0.100.202602081740/tools/bin/../lib/gcc/arm-none-eabi/14.3.1/thumb/v6-m/nofp/crtbegin.o
 .text          0x08000104      0x114 C:/ST/STM32CubeIDE_2.2.0/STM32CubeIDE/plugins/com.st.stm32cube.ide.mcu.externaltools.gnu-tools-for-stm32.14.3.rel1.win32_1.0.100.202602081740/tools/bin/../lib/gcc/arm-none-eabi/14.3.1/thumb/v6-m/nofp\libgcc.a(_udivsi3.o)
                0x08000104                __aeabi_uidiv
                0x08000104                __udivsi3
                0x08000210                __aeabi_uidivmod
 .text          0x08000218        0x4 C:/ST/STM32CubeIDE_2.2.0/STM32CubeIDE/plugins/com.st.stm32cube.ide.mcu.externaltools.gnu-tools-for-stm32.14.3.rel1.win32_1.0.100.202602081740/tools/bin/../lib/gcc/arm-none-eabi/14.3.1/thumb/v6-m/nofp\libgcc.a(_dvmd_tls.o)
                0x08000218                __aeabi_idiv0
                0x08000218                __aeabi_ldiv0
 *(.text*)
 .text.main     0x0800021c       0x44 ./Core/Src/main.o
                0x0800021c                main
 .text.SystemClock_Config
                0x08000260       0xbc ./Core/Src/main.o
                0x08000260                SystemClock_Config
 .text.MX_TIM6_Init
                0x0800031c       0x78 ./Core/Src/main.o
 .text.MX_GPIO_Init
                0x08000394      0x224 ./Core/Src/main.o
 .text.HAL_TIM_PeriodElapsedCallback
                0x080005b8       0x24 ./Core/Src/main.o
                0x080005b8                HAL_TIM_PeriodElapsedCallback
 .text.Error_Handler
                0x080005dc        0xc ./Core/Src/main.o
                0x080005dc                Error_Handler
 .text.GPIO_Outputs_Init
                0x080005e8      0x13c ./Core/Src/pinDriver.o
                0x080005e8                GPIO_Outputs_Init
 .text.setLEDState
                0x08000724       0x54 ./Core/Src/pinDriver.o
                0x08000724                setLEDState
 .text.loadImage
                0x08000778       0x1c ./Core/Src/pinRenderer.o
                0x08000778                loadImage
 .text.initImgRender
                0x08000794        0xe ./Core/Src/pinRenderer.o
                0x08000794                initImgRender
 *fill*         0x080007a2        0x2 
 .text.tickImg  0x080007a4       0xe4 ./Core/Src/pinRenderer.o
                0x080007a4                tickImg
 .text.incFrame
                0x08000888       0x2c ./Core/Src/pinRenderer.o
                0x08000888                incFrame
 .text.HAL_MspInit
                0x080008b4       0x48 ./Core/Src/stm32g0xx_hal_msp.o
                0x080008b4                HAL_MspInit
 .text.HAL_TIM_Base_MspInit
                0x080008fc       0x4c ./Core/Src/stm32g0xx_hal_msp.o
                0x080008fc                HAL_TIM_Base_MspInit
 .text.NMI_Handler
                0x08000948        0x8 ./Core/Src/stm32g0xx_it.o
                0x08000948                NMI_Handler
 .text.HardFault_Handler
                0x08000950        0x8 ./Core/Src/stm32g0xx_it.o
                0x08000950                HardFault_Handler
 .text.SVC_Handler
                0x08000958        0xa ./Core/Src/stm32g0xx_it.o
                0x08000958                SVC_Handler
 .text.PendSV_Handler
                0x08000962        0xa ./Core/Src/stm32g0xx_it.o
                0x08000962                PendSV_Handler
 .text.SysTick_Handler
                0x0800096c        0xe ./Core/Src/stm32g0xx_it.o
                0x0800096c                SysTick_Handler
 *fill*         0x0800097a        0x2 
 .text.TIM6_DAC_LPTIM1_IRQHandler
                0x0800097c       0x18 ./Core/Src/stm32g0xx_it.o
                0x0800097c                TIM6_DAC_LPTIM1_IRQHandler
 .text.SystemInit
                0x08000994        0xa ./Core/Src/system_stm32g0xx.o
                0x08000994                SystemInit
 *fill*         0x0800099e        0x2 
 .text.Reset_Handler
                0x080009a0       0x50 ./Core/Startup/startup_stm32g071r8tx.o
                0x080009a0                Reset_Handler
 .text.Default_Handler
                0x080009f0        0x2 ./Core/Startup/startup_stm32g071r8tx.o
                0x080009f0                USART3_4_LPUART1_IRQHandler
                0x080009f0                TIM1_CC_IRQHandler
                0x080009f0                ADC1_COMP_IRQHandler
                0x080009f0                PVD_IRQHandler
                0x080009f0                I2C1_IRQHandler
                0x080009f0                TIM7_LPTIM2_IRQHandler
                0x080009f0                RTC_TAMP_IRQHandler
                0x080009f0                SPI1_IRQHandler
                0x080009f0                EXTI2_3_IRQHandler
                0x080009f0                I2C2_IRQHandler
                0x080009f0                TIM17_IRQHandler
                0x080009f0                TIM16_IRQHandler
                0x080009f0                TIM3_IRQHandler
                0x080009f0                EXTI4_15_IRQHandler
                0x080009f0                RCC_IRQHandler
                0x080009f0                DMA1_Channel1_IRQHandler
                0x080009f0                Default_Handler
                0x080009f0                CEC_IRQHandler
                0x080009f0                TIM14_IRQHandler
                0x080009f0                TIM15_IRQHandler
                0x080009f0                EXTI0_1_IRQHandler
                0x080009f0                SPI2_IRQHandler
                0x080009f0                WWDG_IRQHandler
                0x080009f0                TIM2_IRQHandler
                0x080009f0                DMA1_Ch4_7_DMAMUX1_OVR_IRQHandler
                0x080009f0                DMA1_Channel2_3_IRQHandler
                0x080009f0                UCPD1_2_IRQHandler
                0x080009f0                USART2_IRQHandler
                0x080009f0                FLASH_IRQHandler
                0x080009f0                USART1_IRQHandler
                0x080009f0                TIM1_BRK_UP_TRG_COM_IRQHandler
 *fill*         0x080009f2        0x2 
 .text.HAL_Init
                0x080009f4       0x40 ./Drivers/STM32G0xx_HAL_Driver/Src/stm32g0xx_hal.o
                0x080009f4                HAL_Init
 .text.HAL_InitTick
                0x08000a34       0x94 ./Drivers/STM32G0xx_HAL_Driver/Src/stm32g0xx_hal.o
                0x08000a34                HAL_InitTick
 .text.HAL_IncTick
                0x08000ac8       0x24 ./Drivers/STM32G0xx_HAL_Driver/Src/stm32g0xx_hal.o
                0x08000ac8                HAL_IncTick
 .text.HAL_GetTick
                0x08000aec       0x14 ./Drivers/STM32G0xx_HAL_Driver/Src/stm32g0xx_hal.o
                0x08000aec                HAL_GetTick
 .text.HAL_Delay
                0x08000b00       0x48 ./Drivers/STM32G0xx_HAL_Driver/Src/stm32g0xx_hal.o
                0x08000b00                HAL_Delay
 .text.__NVIC_EnableIRQ
                0x08000b48       0x34 ./Drivers/STM32G0xx_HAL_Driver/Src/stm32g0xx_hal_cortex.o
 .text.__NVIC_SetPriority
                0x08000b7c       0xdc ./Drivers/STM32G0xx_HAL_Driver/Src/stm32g0xx_hal_cortex.o
 .text.SysTick_Config
                0x08000c58       0x48 ./Drivers/STM32G0xx_HAL_Driver/Src/stm32g0xx_hal_cortex.o
 .text.HAL_NVIC_SetPriority
                0x08000ca0       0x2a ./Drivers/STM32G0xx_HAL_Driver/Src/stm32g0xx_hal_cortex.o
                0x08000ca0                HAL_NVIC_SetPriority
 .text.HAL_NVIC_EnableIRQ
                0x08000cca       0x20 ./Drivers/STM32G0xx_HAL_Driver/Src/stm32g0xx_hal_cortex.o
                0x08000cca                HAL_NVIC_EnableIRQ
 .text.HAL_SYSTICK_Config
                0x08000cea       0x1a ./Drivers/STM32G0xx_HAL_Driver/Src/stm32g0xx_hal_cortex.o
                0x08000cea                HAL_SYSTICK_Config
 .text.HAL_GPIO_Init
                0x08000d04      0x2c8 ./Drivers/STM32G0xx_HAL_Driver/Src/stm32g0xx_hal_gpio.o
                0x08000d04                HAL_GPIO_Init
 .text.HAL_GPIO_WritePin
                0x08000fcc       0x3a ./Drivers/STM32G0xx_HAL_Driver/Src/stm32g0xx_hal_gpio.o
                0x08000fcc                HAL_GPIO_WritePin
 .text.HAL_GPIO_TogglePin
                0x08001006       0x36 ./Drivers/STM32G0xx_HAL_Driver/Src/stm32g0xx_hal_gpio.o
                0x08001006                HAL_GPIO_TogglePin
 .text.HAL_PWREx_ControlVoltageScaling
                0x0800103c       0x80 ./Drivers/STM32G0xx_HAL_Driver/Src/stm32g0xx_hal_pwr_ex.o
                0x0800103c                HAL_PWREx_ControlVoltageScaling
 .text.HAL_RCC_OscConfig
                0x080010bc      0x634 ./Drivers/STM32G0xx_HAL_Driver/Src/stm32g0xx_hal_rcc.o
                0x080010bc                HAL_RCC_OscConfig
 .text.HAL_RCC_ClockConfig
                0x080016f0      0x210 ./Drivers/STM32G0xx_HAL_Driver/Src/stm32g0xx_hal_rcc.o
                0x080016f0                HAL_RCC_ClockConfig
 .text.HAL_RCC_GetSysClockFreq
                0x08001900      0x104 ./Drivers/STM32G0xx_HAL_Driver/Src/stm32g0xx_hal_rcc.o
                0x08001900                HAL_RCC_GetSysClockFreq
 .text.HAL_TIM_Base_Init
                0x08001a04       0xb0 ./Drivers/STM32G0xx_HAL_Driver/Src/stm32g0xx_hal_tim.o
                0x08001a04                HAL_TIM_Base_Init
 .text.HAL_TIM_Base_Start_IT
                0x08001ab4       0xb8 ./Drivers/STM32G0xx_HAL_Driver/Src/stm32g0xx_hal_tim.o
                0x08001ab4                HAL_TIM_Base_Start_IT
 .text.HAL_TIM_IRQHandler
                0x08001b6c      0x210 ./Drivers/STM32G0xx_HAL_Driver/Src/stm32g0xx_hal_tim.o
                0x08001b6c                HAL_TIM_IRQHandler
 .text.HAL_TIM_OC_DelayElapsedCallback
                0x08001d7c       0x10 ./Drivers/STM32G0xx_HAL_Driver/Src/stm32g0xx_hal_tim.o
                0x08001d7c                HAL_TIM_OC_DelayElapsedCallback
 .text.HAL_TIM_IC_CaptureCallback
                0x08001d8c       0x10 ./Drivers/STM32G0xx_HAL_Driver/Src/stm32g0xx_hal_tim.o
                0x08001d8c                HAL_TIM_IC_CaptureCallback
 .text.HAL_TIM_PWM_PulseFinishedCallback
                0x08001d9c       0x10 ./Drivers/STM32G0xx_HAL_Driver/Src/stm32g0xx_hal_tim.o
                0x08001d9c                HAL_TIM_PWM_PulseFinishedCallback
 .text.HAL_TIM_TriggerCallback
                0x08001dac       0x10 ./Drivers/STM32G0xx_HAL_Driver/Src/stm32g0xx_hal_tim.o
                0x08001dac                HAL_TIM_TriggerCallback
 .text.TIM_Base_SetConfig
                0x08001dbc      0x114 ./Drivers/STM32G0xx_HAL_Driver/Src/stm32g0xx_hal_tim.o
                0x08001dbc                TIM_Base_SetConfig
 .text.HAL_TIMEx_MasterConfigSynchronization
                0x08001ed0       0xdc ./Drivers/STM32G0xx_HAL_Driver/Src/stm32g0xx_hal_tim_ex.o
                0x08001ed0                HAL_TIMEx_MasterConfigSynchronization
 .text.HAL_TIMEx_CommutCallback
                0x08001fac       0x10 ./Drivers/STM32G0xx_HAL_Driver/Src/stm32g0xx_hal_tim_ex.o
                0x08001fac                HAL_TIMEx_CommutCallback
 .text.HAL_TIMEx_BreakCallback
                0x08001fbc       0x10 ./Drivers/STM32G0xx_HAL_Driver/Src/stm32g0xx_hal_tim_ex.o
                0x08001fbc                HAL_TIMEx_BreakCallback
 .text.HAL_TIMEx_Break2Callback
                0x08001fcc       0x10 ./Drivers/STM32G0xx_HAL_Driver/Src/stm32g0xx_hal_tim_ex.o
                0x08001fcc                HAL_TIMEx_Break2Callback
 .text.memset   0x08001fdc       0x10 C:/ST/STM32CubeIDE_2.2.0/STM32CubeIDE/plugins/com.st.stm32cube.ide.mcu.externaltools.gnu-tools-for-stm32.14.3.rel1.win32_1.0.100.202602081740/tools/bin/../lib/gcc/arm-none-eabi/14.3.1/../../../../arm-none-eabi/lib/thumb/v6-m/nofp\libc_nano.a(libc_a-memset.o)
                0x08001fdc                memset
 .text.__libc_init_array
                0x08001fec       0x48 C:/ST/STM32CubeIDE_2.2.0/STM32CubeIDE/plugins/com.st.stm32cube.ide.mcu.externaltools.gnu-tools-for-stm32.14.3.rel1.win32_1.0.100.202602081740/tools/bin/../lib/gcc/arm-none-eabi/14.3.1/../../../../arm-none-eabi/lib/thumb/v6-m/nofp\libc_nano.a(libc_a-init.o)
                0x08001fec                __libc_init_array
 *(.glue_7)
 .glue_7        0x08002034        0x0 linker stubs
 *(.glue_7t)
 .glue_7t       0x08002034        0x0 linker stubs
 *(.eh_frame)
 .eh_frame      0x08002034        0x0 C:/ST/STM32CubeIDE_2.2.0/STM32CubeIDE/plugins/com.st.stm32cube.ide.mcu.externaltools.gnu-tools-for-stm32.14.3.rel1.win32_1.0.100.202602081740/tools/bin/../lib/gcc/arm-none-eabi/14.3.1/thumb/v6-m/nofp/crtbegin.o
 *(.init)
 .init          0x08002034        0x4 C:/ST/STM32CubeIDE_2.2.0/STM32CubeIDE/plugins/com.st.stm32cube.ide.mcu.externaltools.gnu-tools-for-stm32.14.3.rel1.win32_1.0.100.202602081740/tools/bin/../lib/gcc/arm-none-eabi/14.3.1/thumb/v6-m/nofp/crti.o
                0x08002034                _init
 .init          0x08002038        0x8 C:/ST/STM32CubeIDE_2.2.0/STM32CubeIDE/plugins/com.st.stm32cube.ide.mcu.externaltools.gnu-tools-for-stm32.14.3.rel1.win32_1.0.100.202602081740/tools/bin/../lib/gcc/arm-none-eabi/14.3.1/thumb/v6-m/nofp/crtn.o
 *(.fini)
 .fini          0x08002040        0x4 C:/ST/STM32CubeIDE_2.2.0/STM32CubeIDE/plugins/com.st.stm32cube.ide.mcu.externaltools.gnu-tools-for-stm32.14.3.rel1.win32_1.0.100.202602081740/tools/bin/../lib/gcc/arm-none-eabi/14.3.1/thumb/v6-m/nofp/crti.o
                0x08002040                _fini
 .fini          0x08002044        0x8 C:/ST/STM32CubeIDE_2.2.0/STM32CubeIDE/plugins/com.st.stm32cube.ide.mcu.externaltools.gnu-tools-for-stm32.14.3.rel1.win32_1.0.100.202602081740/tools/bin/../lib/gcc/arm-none-eabi/14.3.1/thumb/v6-m/nofp/crtn.o
                0x0800204c                        . = ALIGN (0x4)
                0x0800204c                        _etext = .

.vfp11_veneer   0x0800204c        0x0
 .vfp11_veneer  0x0800204c        0x0 linker stubs

.v4_bx          0x0800204c        0x0
 .v4_bx         0x0800204c        0x0 linker stubs

.iplt           0x0800204c        0x0
 .iplt          0x0800204c        0x0 C:/ST/STM32CubeIDE_2.2.0/STM32CubeIDE/plugins/com.st.stm32cube.ide.mcu.externaltools.gnu-tools-for-stm32.14.3.rel1.win32_1.0.100.202602081740/tools/bin/../lib/gcc/arm-none-eabi/14.3.1/thumb/v6-m/nofp/crtbegin.o

.rodata         0x0800204c       0x50
                0x0800204c                        . = ALIGN (0x4)
 *(.rodata)
 *(.rodata*)
 .rodata.LEDColDriver
                0x0800204c        0x8 ./Core/Src/pinRenderer.o
                0x0800204c                LEDColDriver
 .rodata.LEDRowDriver
                0x08002054        0x8 ./Core/Src/pinRenderer.o
                0x08002054                LEDRowDriver
 .rodata.AHBPrescTable
                0x0800205c       0x40 ./Core/Src/system_stm32g0xx.o
                0x0800205c                AHBPrescTable
                0x0800209c                        . = ALIGN (0x4)

.ARM.extab      0x0800209c        0x0
                0x0800209c                        . = ALIGN (0x4)
 *(.ARM.extab* .gnu.linkonce.armextab.*)
                0x0800209c                        . = ALIGN (0x4)

.ARM            0x0800209c        0x0
                0x0800209c                        . = ALIGN (0x4)
                0x0800209c                        __exidx_start = .
 *(.ARM.exidx*)
                0x0800209c                        __exidx_end = .
                0x0800209c                        . = ALIGN (0x4)

.preinit_array  0x0800209c        0x0
                0x0800209c                        . = ALIGN (0x4)
                0x0800209c                        PROVIDE (__preinit_array_start = .)
 *(.preinit_array*)
                0x0800209c                        PROVIDE (__preinit_array_end = .)
                0x0800209c                        . = ALIGN (0x4)

.init_array     0x0800209c        0x4
                0x0800209c                        . = ALIGN (0x4)
                0x0800209c                        PROVIDE (__init_array_start = .)
 *(SORT_BY_NAME(.init_array.*))
 *(.init_array*)
 .init_array    0x0800209c        0x4 C:/ST/STM32CubeIDE_2.2.0/STM32CubeIDE/plugins/com.st.stm32cube.ide.mcu.externaltools.gnu-tools-for-stm32.14.3.rel1.win32_1.0.100.202602081740/tools/bin/../lib/gcc/arm-none-eabi/14.3.1/thumb/v6-m/nofp/crtbegin.o
                0x080020a0                        PROVIDE (__init_array_end = .)
                0x080020a0                        . = ALIGN (0x4)

.fini_array     0x080020a0        0x4
                0x080020a0                        . = ALIGN (0x4)
                [!provide]                        PROVIDE (__fini_array_start = .)
 *(SORT_BY_NAME(.fini_array.*))
 *(.fini_array*)
 .fini_array    0x080020a0        0x4 C:/ST/STM32CubeIDE_2.2.0/STM32CubeIDE/plugins/com.st.stm32cube.ide.mcu.externaltools.gnu-tools-for-stm32.14.3.rel1.win32_1.0.100.202602081740/tools/bin/../lib/gcc/arm-none-eabi/14.3.1/thumb/v6-m/nofp/crtbegin.o
                [!provide]                        PROVIDE (__fini_array_end = .)
                0x080020a4                        . = ALIGN (0x4)
                0x080020a4                        _sidata = LOADADDR (.data)

.rel.dyn        0x080020a4        0x0
 .rel.iplt      0x080020a4        0x0 C:/ST/STM32CubeIDE_2.2.0/STM32CubeIDE/plugins/com.st.stm32cube.ide.mcu.externaltools.gnu-tools-for-stm32.14.3.rel1.win32_1.0.100.202602081740/tools/bin/../lib/gcc/arm-none-eabi/14.3.1/thumb/v6-m/nofp/crtbegin.o

.data           0x20000000       0xac load address 0x080020a4
                0x20000000                        . = ALIGN (0x4)
                0x20000000                        _sdata = .
 *(.data)
 *(.data*)
 .data.flame    0x20000000       0x40 ./Core/Src/img.o
                0x20000000                flame
 .data.LEDsGPIOMatrix
                0x20000040       0x40 ./Core/Src/pinDriver.o
 .data.LEDsGPIOMatrixPin
                0x20000080       0x20 ./Core/Src/pinDriver.o
 .data.SystemCoreClock
                0x200000a0        0x4 ./Core/Src/system_stm32g0xx.o
                0x200000a0                SystemCoreClock
 .data.uwTickPrio
                0x200000a4        0x4 ./Drivers/STM32G0xx_HAL_Driver/Src/stm32g0xx_hal.o
                0x200000a4                uwTickPrio
 .data.uwTickFreq
                0x200000a8        0x1 ./Drivers/STM32G0xx_HAL_Driver/Src/stm32g0xx_hal.o
                0x200000a8                uwTickFreq
 *(.RamFunc)
 *(.RamFunc*)
                0x200000ac                        . = ALIGN (0x4)
 *fill*         0x200000a9        0x3 
                0x200000ac                        _edata = .

.igot.plt       0x200000ac        0x0 load address 0x08002150
 .igot.plt      0x200000ac        0x0 C:/ST/STM32CubeIDE_2.2.0/STM32CubeIDE/plugins/com.st.stm32cube.ide.mcu.externaltools.gnu-tools-for-stm32.14.3.rel1.win32_1.0.100.202602081740/tools/bin/../lib/gcc/arm-none-eabi/14.3.1/thumb/v6-m/nofp/crtbegin.o
                0x200000ac                        . = ALIGN (0x4)

.bss            0x200000ac       0x84 load address 0x08002150
                0x200000ac                        _sbss = .
                0x200000ac                        __bss_start__ = _sbss
 *(.bss)
 .bss           0x200000ac       0x1c C:/ST/STM32CubeIDE_2.2.0/STM32CubeIDE/plugins/com.st.stm32cube.ide.mcu.externaltools.gnu-tools-for-stm32.14.3.rel1.win32_1.0.100.202602081740/tools/bin/../lib/gcc/arm-none-eabi/14.3.1/thumb/v6-m/nofp/crtbegin.o
 *(.bss*)
 .bss.htim6     0x200000c8       0x4c ./Core/Src/main.o
                0x200000c8                htim6
 .bss.LEDsOn    0x20000114       0x10 ./Core/Src/pinDriver.o
 .bss.imgBuffer
                0x20000124        0x4 ./Core/Src/pinRenderer.o
 .bss.currFrame
                0x20000128        0x1 ./Core/Src/pinRenderer.o
 .bss.row       0x20000129        0x1 ./Core/Src/pinRenderer.o
 .bss.lastRow.0
                0x2000012a        0x1 ./Core/Src/pinRenderer.o
 *fill*         0x2000012b        0x1 
 .bss.uwTick    0x2000012c        0x4 ./Drivers/STM32G0xx_HAL_Driver/Src/stm32g0xx_hal.o
                0x2000012c                uwTick
 *(COMMON)
                0x20000130                        . = ALIGN (0x4)
                0x20000130                        _ebss = .
                0x20000130                        __bss_end__ = _ebss

._user_heap_stack
                0x20000130      0x600 load address 0x08002150
                0x20000130                        . = ALIGN (0x8)
                [!provide]                        PROVIDE (end = .)
                0x20000130                        PROVIDE (_end = .)
                0x20000330                        . = (. + _Min_Heap_Size)
 *fill*         0x20000130      0x200 
                0x20000730                        . = (. + _Min_Stack_Size)
 *fill*         0x20000330      0x400 
                0x20000730                        . = ALIGN (0x8)

/DISCARD/
 libc.a(*)
 libm.a(*)
 libgcc.a(*)

.ARM.attributes
                0x00000000       0x28
 *(.ARM.attributes)
 .ARM.attributes
                0x00000000       0x1e C:/ST/STM32CubeIDE_2.2.0/STM32CubeIDE/plugins/com.st.stm32cube.ide.mcu.externaltools.gnu-tools-for-stm32.14.3.rel1.win32_1.0.100.202602081740/tools/bin/../lib/gcc/arm-none-eabi/14.3.1/thumb/v6-m/nofp/crti.o
 .ARM.attributes
                0x0000001e       0x2c C:/ST/STM32CubeIDE_2.2.0/STM32CubeIDE/plugins/com.st.stm32cube.ide.mcu.externaltools.gnu-tools-for-stm32.14.3.rel1.win32_1.0.100.202602081740/tools/bin/../lib/gcc/arm-none-eabi/14.3.1/thumb/v6-m/nofp/crtbegin.o
 .ARM.attributes
                0x0000004a       0x2c ./Core/Src/img.o
 .ARM.attributes
                0x00000076       0x2c ./Core/Src/main.o
 .ARM.attributes
                0x000000a2       0x2c ./Core/Src/pinDriver.o
 .ARM.attributes
                0x000000ce       0x2c ./Core/Src/pinRenderer.o
 .ARM.attributes
                0x000000fa       0x2c ./Core/Src/stm32g0xx_hal_msp.o
 .ARM.attributes
                0x00000126       0x2c ./Core/Src/stm32g0xx_it.o
 .ARM.attributes
                0x00000152       0x2c ./Core/Src/system_stm32g0xx.o
 .ARM.attributes
                0x0000017e       0x22 ./Core/Startup/startup_stm32g071r8tx.o
 .ARM.attributes
                0x000001a0       0x2c ./Drivers/STM32G0xx_HAL_Driver/Src/stm32g0xx_hal.o
 .ARM.attributes
                0x000001cc       0x2c ./Drivers/STM32G0xx_HAL_Driver/Src/stm32g0xx_hal_cortex.o
 .ARM.attributes
                0x000001f8       0x2c ./Drivers/STM32G0xx_HAL_Driver/Src/stm32g0xx_hal_gpio.o
 .ARM.attributes
                0x00000224       0x2c ./Drivers/STM32G0xx_HAL_Driver/Src/stm32g0xx_hal_pwr_ex.o
 .ARM.attributes
                0x00000250       0x2c ./Drivers/STM32G0xx_HAL_Driver/Src/stm32g0xx_hal_rcc.o
 .ARM.attributes
                0x0000027c       0x2c ./Drivers/STM32G0xx_HAL_Driver/Src/stm32g0xx_hal_tim.o
 .ARM.attributes
                0x000002a8       0x2c ./Drivers/STM32G0xx_HAL_Driver/Src/stm32g0xx_hal_tim_ex.o
 .ARM.attributes
                0x000002d4       0x2c C:/ST/STM32CubeIDE_2.2.0/STM32CubeIDE/plugins/com.st.stm32cube.ide.mcu.externaltools.gnu-tools-for-stm32.14.3.rel1.win32_1.0.100.202602081740/tools/bin/../lib/gcc/arm-none-eabi/14.3.1/../../../../arm-none-eabi/lib/thumb/v6-m/nofp\libc_nano.a(libc_a-memset.o)
 .ARM.attributes
                0x00000300       0x2c C:/ST/STM32CubeIDE_2.2.0/STM32CubeIDE/plugins/com.st.stm32cube.ide.mcu.externaltools.gnu-tools-for-stm32.14.3.rel1.win32_1.0.100.202602081740/tools/bin/../lib/gcc/arm-none-eabi/14.3.1/../../../../arm-none-eabi/lib/thumb/v6-m/nofp\libc_nano.a(libc_a-init.o)
 .ARM.attributes
                0x0000032c       0x1e C:/ST/STM32CubeIDE_2.2.0/STM32CubeIDE/plugins/com.st.stm32cube.ide.mcu.externaltools.gnu-tools-for-stm32.14.3.rel1.win32_1.0.100.202602081740/tools/bin/../lib/gcc/arm-none-eabi/14.3.1/thumb/v6-m/nofp\libgcc.a(_udivsi3.o)
 .ARM.attributes
                0x0000034a       0x1e C:/ST/STM32CubeIDE_2.2.0/STM32CubeIDE/plugins/com.st.stm32cube.ide.mcu.externaltools.gnu-tools-for-stm32.14.3.rel1.win32_1.0.100.202602081740/tools/bin/../lib/gcc/arm-none-eabi/14.3.1/thumb/v6-m/nofp\libgcc.a(_dvmd_tls.o)
 .ARM.attributes
                0x00000368       0x1e C:/ST/STM32CubeIDE_2.2.0/STM32CubeIDE/plugins/com.st.stm32cube.ide.mcu.externaltools.gnu-tools-for-stm32.14.3.rel1.win32_1.0.100.202602081740/tools/bin/../lib/gcc/arm-none-eabi/14.3.1/thumb/v6-m/nofp/crtn.o
OUTPUT(vol-disp.elf elf32-littlearm)
LOAD linker stubs
LOAD C:/ST/STM32CubeIDE_2.2.0/STM32CubeIDE/plugins/com.st.stm32cube.ide.mcu.externaltools.gnu-tools-for-stm32.14.3.rel1.win32_1.0.100.202602081740/tools/bin/../lib/gcc/arm-none-eabi/14.3.1/../../../../arm-none-eabi/lib/thumb/v6-m/nofp\libc.a
LOAD C:/ST/STM32CubeIDE_2.2.0/STM32CubeIDE/plugins/com.st.stm32cube.ide.mcu.externaltools.gnu-tools-for-stm32.14.3.rel1.win32_1.0.100.202602081740/tools/bin/../lib/gcc/arm-none-eabi/14.3.1/../../../../arm-none-eabi/lib/thumb/v6-m/nofp\libm.a
LOAD C:/ST/STM32CubeIDE_2.2.0/STM32CubeIDE/plugins/com.st.stm32cube.ide.mcu.externaltools.gnu-tools-for-stm32.14.3.rel1.win32_1.0.100.202602081740/tools/bin/../lib/gcc/arm-none-eabi/14.3.1/thumb/v6-m/nofp\libgcc.a

.debug_info     0x00000000     0x9d12
 .debug_info    0x00000000       0xbd ./Core/Src/img.o
 .debug_info    0x000000bd      0xeea ./Core/Src/main.o
 .debug_info    0x00000fa7      0x506 ./Core/Src/pinDriver.o
 .debug_info    0x000014ad      0x1e1 ./Core/Src/pinRenderer.o
 .debug_info    0x0000168e      0xab7 ./Core/Src/stm32g0xx_hal_msp.o
 .debug_info    0x00002145      0x7f8 ./Core/Src/stm32g0xx_it.o
 .debug_info    0x0000293d      0x316 ./Core/Src/system_stm32g0xx.o
 .debug_info    0x00002c53       0x30 ./Core/Startup/startup_stm32g071r8tx.o
 .debug_info    0x00002c83      0xa34 ./Drivers/STM32G0xx_HAL_Driver/Src/stm32g0xx_hal.o
 .debug_info    0x000036b7      0x8d9 ./Drivers/STM32G0xx_HAL_Driver/Src/stm32g0xx_hal_cortex.o
 .debug_info    0x00003f90      0x5c8 ./Drivers/STM32G0xx_HAL_Driver/Src/stm32g0xx_hal_gpio.o
 .debug_info    0x00004558      0x7c6 ./Drivers/STM32G0xx_HAL_Driver/Src/stm32g0xx_hal_pwr_ex.o
 .debug_info    0x00004d1e      0xb34 ./Drivers/STM32G0xx_HAL_Driver/Src/stm32g0xx_hal_rcc.o
 .debug_info    0x00005852     0x2be6 ./Drivers/STM32G0xx_HAL_Driver/Src/stm32g0xx_hal_tim.o
 .debug_info    0x00008438     0x18da ./Drivers/STM32G0xx_HAL_Driver/Src/stm32g0xx_hal_tim_ex.o

.debug_abbrev   0x00000000     0x1c43
 .debug_abbrev  0x00000000       0x6f ./Core/Src/img.o
 .debug_abbrev  0x0000006f      0x2d4 ./Core/Src/main.o
 .debug_abbrev  0x00000343      0x1a8 ./Core/Src/pinDriver.o
 .debug_abbrev  0x000004eb      0x151 ./Core/Src/pinRenderer.o
 .debug_abbrev  0x0000063c      0x1c3 ./Core/Src/stm32g0xx_hal_msp.o
 .debug_abbrev  0x000007ff      0x1b9 ./Core/Src/stm32g0xx_it.o
 .debug_abbrev  0x000009b8      0x119 ./Core/Src/system_stm32g0xx.o
 .debug_abbrev  0x00000ad1       0x24 ./Core/Startup/startup_stm32g071r8tx.o
 .debug_abbrev  0x00000af5      0x2b2 ./Drivers/STM32G0xx_HAL_Driver/Src/stm32g0xx_hal.o
 .debug_abbrev  0x00000da7      0x2ab ./Drivers/STM32G0xx_HAL_Driver/Src/stm32g0xx_hal_cortex.o
 .debug_abbrev  0x00001052      0x1c8 ./Drivers/STM32G0xx_HAL_Driver/Src/stm32g0xx_hal_gpio.o
 .debug_abbrev  0x0000121a      0x238 ./Drivers/STM32G0xx_HAL_Driver/Src/stm32g0xx_hal_pwr_ex.o
 .debug_abbrev  0x00001452      0x2aa ./Drivers/STM32G0xx_HAL_Driver/Src/stm32g0xx_hal_rcc.o
 .debug_abbrev  0x000016fc      0x29f ./Drivers/STM32G0xx_HAL_Driver/Src/stm32g0xx_hal_tim.o
 .debug_abbrev  0x0000199b      0x2a8 ./Drivers/STM32G0xx_HAL_Driver/Src/stm32g0xx_hal_tim_ex.o

.debug_aranges  0x00000000      0xb00
 .debug_aranges
                0x00000000       0x18 ./Core/Src/img.o
 .debug_aranges
                0x00000018       0x48 ./Core/Src/main.o
 .debug_aranges
                0x00000060       0x28 ./Core/Src/pinDriver.o
 .debug_aranges
                0x00000088       0x40 ./Core/Src/pinRenderer.o
 .debug_aranges
                0x000000c8       0x30 ./Core/Src/stm32g0xx_hal_msp.o
 .debug_aranges
                0x000000f8       0x48 ./Core/Src/stm32g0xx_it.o
 .debug_aranges
                0x00000140       0x28 ./Core/Src/system_stm32g0xx.o
 .debug_aranges
                0x00000168       0x28 ./Core/Startup/startup_stm32g071r8tx.o
 .debug_aranges
                0x00000190      0x120 ./Drivers/STM32G0xx_HAL_Driver/Src/stm32g0xx_hal.o
 .debug_aranges
                0x000002b0       0xe8 ./Drivers/STM32G0xx_HAL_Driver/Src/stm32g0xx_hal_cortex.o
 .debug_aranges
                0x00000398       0x60 ./Drivers/STM32G0xx_HAL_Driver/Src/stm32g0xx_hal_gpio.o
 .debug_aranges
                0x000003f8       0xf0 ./Drivers/STM32G0xx_HAL_Driver/Src/stm32g0xx_hal_pwr_ex.o
 .debug_aranges
                0x000004e8       0xa0 ./Drivers/STM32G0xx_HAL_Driver/Src/stm32g0xx_hal_rcc.o
 .debug_aranges
                0x00000588      0x3e0 ./Drivers/STM32G0xx_HAL_Driver/Src/stm32g0xx_hal_tim.o
 .debug_aranges
                0x00000968      0x198 ./Drivers/STM32G0xx_HAL_Driver/Src/stm32g0xx_hal_tim_ex.o

.debug_macro    0x00000000    0x18118
 .debug_macro   0x00000000       0x6d ./Core/Src/img.o
 .debug_macro   0x0000006d      0xaae ./Core/Src/img.o
 .debug_macro   0x00000b1b       0x22 ./Core/Src/img.o
 .debug_macro   0x00000b3d       0x8e ./Core/Src/img.o
 .debug_macro   0x00000bcb       0x51 ./Core/Src/img.o
 .debug_macro   0x00000c1c      0x103 ./Core/Src/img.o
 .debug_macro   0x00000d1f       0x6a ./Core/Src/img.o
 .debug_macro   0x00000d89      0x1df ./Core/Src/img.o
 .debug_macro   0x00000f68      0x2d4 ./Core/Src/main.o
 .debug_macro   0x0000123c       0x22 ./Core/Src/main.o
 .debug_macro   0x0000125e       0x5b ./Core/Src/main.o
 .debug_macro   0x000012b9       0x24 ./Core/Src/main.o
 .debug_macro   0x000012dd       0x94 ./Core/Src/main.o
 .debug_macro   0x00001371       0x43 ./Core/Src/main.o
 .debug_macro   0x000013b4       0x34 ./Core/Src/main.o
 .debug_macro   0x000013e8       0x16 ./Core/Src/main.o
 .debug_macro   0x000013fe       0x57 ./Core/Src/main.o
 .debug_macro   0x00001455       0x9e ./Core/Src/main.o
 .debug_macro   0x000014f3      0x364 ./Core/Src/main.o
 .debug_macro   0x00001857      0x112 ./Core/Src/main.o
 .debug_macro   0x00001969       0x10 ./Core/Src/main.o
 .debug_macro   0x00001979       0x16 ./Core/Src/main.o
 .debug_macro   0x0000198f       0x4a ./Core/Src/main.o
 .debug_macro   0x000019d9       0x34 ./Core/Src/main.o
 .debug_macro   0x00001a0d       0x10 ./Core/Src/main.o
 .debug_macro   0x00001a1d       0x58 ./Core/Src/main.o
 .debug_macro   0x00001a75       0x8e ./Core/Src/main.o
 .debug_macro   0x00001b03       0x1c ./Core/Src/main.o
 .debug_macro   0x00001b1f      0x17e ./Core/Src/main.o
 .debug_macro   0x00001c9d       0x16 ./Core/Src/main.o
 .debug_macro   0x00001cb3       0x16 ./Core/Src/main.o
 .debug_macro   0x00001cc9      0x146 ./Core/Src/main.o
 .debug_macro   0x00001e0f      0x117 ./Core/Src/main.o
 .debug_macro   0x00001f26       0x2e ./Core/Src/main.o
 .debug_macro   0x00001f54       0x28 ./Core/Src/main.o
 .debug_macro   0x00001f7c       0x1c ./Core/Src/main.o
 .debug_macro   0x00001f98       0x22 ./Core/Src/main.o
 .debug_macro   0x00001fba       0xd1 ./Core/Src/main.o
 .debug_macro   0x0000208b      0x4da ./Core/Src/main.o
 .debug_macro   0x00002565      0x11f ./Core/Src/main.o
 .debug_macro   0x00002684     0xc7b5 ./Core/Src/main.o
 .debug_macro   0x0000ee39       0x66 ./Core/Src/main.o
 .debug_macro   0x0000ee9f     0x3512 ./Core/Src/main.o
 .debug_macro   0x000123b1       0x56 ./Core/Src/main.o
 .debug_macro   0x00012407      0x56c ./Core/Src/main.o
 .debug_macro   0x00012973     0x1122 ./Core/Src/main.o
 .debug_macro   0x00013a95      0x264 ./Core/Src/main.o
 .debug_macro   0x00013cf9      0x1cf ./Core/Src/main.o
 .debug_macro   0x00013ec8      0x1d8 ./Core/Src/main.o
 .debug_macro   0x000140a0      0x426 ./Core/Src/main.o
 .debug_macro   0x000144c6      0x280 ./Core/Src/main.o
 .debug_macro   0x00014746      0x3a7 ./Core/Src/main.o
 .debug_macro   0x00014aed      0x1b2 ./Core/Src/main.o
 .debug_macro   0x00014c9f       0x43 ./Core/Src/main.o
 .debug_macro   0x00014ce2      0x1f1 ./Core/Src/main.o
 .debug_macro   0x00014ed3      0x1d6 ./Core/Src/main.o
 .debug_macro   0x000150a9      0x38a ./Core/Src/main.o
 .debug_macro   0x00015433       0x28 ./Core/Src/main.o
 .debug_macro   0x0001545b       0xe4 ./Core/Src/main.o
 .debug_macro   0x0001553f      0x125 ./Core/Src/main.o
 .debug_macro   0x00015664      0x240 ./Core/Src/main.o
 .debug_macro   0x000158a4      0xad0 ./Core/Src/main.o
 .debug_macro   0x00016374      0x1a1 ./Core/Src/main.o
 .debug_macro   0x00016515      0x4f2 ./Core/Src/main.o
 .debug_macro   0x00016a07      0x1e8 ./Core/Src/pinDriver.o
 .debug_macro   0x00016bef      0x190 ./Core/Src/pinDriver.o
 .debug_macro   0x00016d7f       0x5c ./Core/Src/pinDriver.o
 .debug_macro   0x00016ddb       0x8c ./Core/Src/pinRenderer.o
 .debug_macro   0x00016e67      0x1d5 ./Core/Src/stm32g0xx_hal_msp.o
 .debug_macro   0x0001703c      0x1df ./Core/Src/stm32g0xx_it.o
 .debug_macro   0x0001721b      0x1cb ./Core/Src/system_stm32g0xx.o
 .debug_macro   0x000173e6      0x1ef ./Drivers/STM32G0xx_HAL_Driver/Src/stm32g0xx_hal.o
 .debug_macro   0x000175d5      0x1cb ./Drivers/STM32G0xx_HAL_Driver/Src/stm32g0xx_hal_cortex.o
 .debug_macro   0x000177a0      0x1d2 ./Drivers/STM32G0xx_HAL_Driver/Src/stm32g0xx_hal_gpio.o
 .debug_macro   0x00017972      0x1f5 ./Drivers/STM32G0xx_HAL_Driver/Src/stm32g0xx_hal_pwr_ex.o
 .debug_macro   0x00017b67      0x20d ./Drivers/STM32G0xx_HAL_Driver/Src/stm32g0xx_hal_rcc.o
 .debug_macro   0x00017d74      0x1d3 ./Drivers/STM32G0xx_HAL_Driver/Src/stm32g0xx_hal_tim.o
 .debug_macro   0x00017f47      0x1d1 ./Drivers/STM32G0xx_HAL_Driver/Src/stm32g0xx_hal_tim_ex.o

.debug_line     0x00000000     0xc90b
 .debug_line    0x00000000      0x3fe ./Core/Src/img.o
 .debug_line    0x000003fe      0xa59 ./Core/Src/main.o
 .debug_line    0x00000e57      0x7d3 ./Core/Src/pinDriver.o
 .debug_line    0x0000162a      0x505 ./Core/Src/pinRenderer.o
 .debug_line    0x00001b2f      0x795 ./Core/Src/stm32g0xx_hal_msp.o
 .debug_line    0x000022c4      0x7cf ./Core/Src/stm32g0xx_it.o
 .debug_line    0x00002a93      0x7cd ./Core/Src/system_stm32g0xx.o
 .debug_line    0x00003260       0x7b ./Core/Startup/startup_stm32g071r8tx.o
 .debug_line    0x000032db      0xb16 ./Drivers/STM32G0xx_HAL_Driver/Src/stm32g0xx_hal.o
 .debug_line    0x00003df1      0xba8 ./Drivers/STM32G0xx_HAL_Driver/Src/stm32g0xx_hal_cortex.o
 .debug_line    0x00004999      0xb64 ./Drivers/STM32G0xx_HAL_Driver/Src/stm32g0xx_hal_gpio.o
 .debug_line    0x000054fd      0xaec ./Drivers/STM32G0xx_HAL_Driver/Src/stm32g0xx_hal_pwr_ex.o
 .debug_line    0x00005fe9      0xfe4 ./Drivers/STM32G0xx_HAL_Driver/Src/stm32g0xx_hal_rcc.o
 .debug_line    0x00006fcd     0x3d61 ./Drivers/STM32G0xx_HAL_Driver/Src/stm32g0xx_hal_tim.o
 .debug_line    0x0000ad2e     0x1bdd ./Drivers/STM32G0xx_HAL_Driver/Src/stm32g0xx_hal_tim_ex.o

.debug_str      0x00000000    0x9af7c
 .debug_str     0x00000000    0x9af7c ./Core/Src/img.o
                               0x3ccc (size before relaxing)
 .debug_str     0x0009af7c    0x98a2d ./Core/Src/main.o
 .debug_str     0x0009af7c    0x94a68 ./Core/Src/pinDriver.o
 .debug_str     0x0009af7c     0x3dd5 ./Core/Src/pinRenderer.o
 .debug_str     0x0009af7c    0x9514a ./Core/Src/stm32g0xx_hal_msp.o
 .debug_str     0x0009af7c    0x94ea4 ./Core/Src/stm32g0xx_it.o
 .debug_str     0x0009af7c    0x94950 ./Core/Src/system_stm32g0xx.o
 .debug_str     0x0009af7c       0x85 ./Core/Startup/startup_stm32g071r8tx.o
 .debug_str     0x0009af7c    0x95154 ./Drivers/STM32G0xx_HAL_Driver/Src/stm32g0xx_hal.o
 .debug_str     0x0009af7c    0x94e17 ./Drivers/STM32G0xx_HAL_Driver/Src/stm32g0xx_hal_cortex.o
 .debug_str     0x0009af7c    0x94a99 ./Drivers/STM32G0xx_HAL_Driver/Src/stm32g0xx_hal_gpio.o
 .debug_str     0x0009af7c    0x94ddd ./Drivers/STM32G0xx_HAL_Driver/Src/stm32g0xx_hal_pwr_ex.o
 .debug_str     0x0009af7c    0x950a6 ./Drivers/STM32G0xx_HAL_Driver/Src/stm32g0xx_hal_rcc.o
 .debug_str     0x0009af7c    0x95e98 ./Drivers/STM32G0xx_HAL_Driver/Src/stm32g0xx_hal_tim.o
 .debug_str     0x0009af7c    0x95820 ./Drivers/STM32G0xx_HAL_Driver/Src/stm32g0xx_hal_tim_ex.o

.comment        0x00000000       0x43
 .comment       0x00000000       0x43 ./Core/Src/img.o
                                 0x44 (size before relaxing)
 .comment       0x00000043       0x44 ./Core/Src/main.o
 .comment       0x00000043       0x44 ./Core/Src/pinDriver.o
 .comment       0x00000043       0x44 ./Core/Src/pinRenderer.o
 .comment       0x00000043       0x44 ./Core/Src/stm32g0xx_hal_msp.o
 .comment       0x00000043       0x44 ./Core/Src/stm32g0xx_it.o
 .comment       0x00000043       0x44 ./Core/Src/system_stm32g0xx.o
 .comment       0x00000043       0x44 ./Drivers/STM32G0xx_HAL_Driver/Src/stm32g0xx_hal.o
 .comment       0x00000043       0x44 ./Drivers/STM32G0xx_HAL_Driver/Src/stm32g0xx_hal_cortex.o
 .comment       0x00000043       0x44 ./Drivers/STM32G0xx_HAL_Driver/Src/stm32g0xx_hal_gpio.o
 .comment       0x00000043       0x44 ./Drivers/STM32G0xx_HAL_Driver/Src/stm32g0xx_hal_pwr_ex.o
 .comment       0x00000043       0x44 ./Drivers/STM32G0xx_HAL_Driver/Src/stm32g0xx_hal_rcc.o
 .comment       0x00000043       0x44 ./Drivers/STM32G0xx_HAL_Driver/Src/stm32g0xx_hal_tim.o
 .comment       0x00000043       0x44 ./Drivers/STM32G0xx_HAL_Driver/Src/stm32g0xx_hal_tim_ex.o

.debug_rnglists
                0x00000000      0x866
 .debug_rnglists
                0x00000000       0x33 ./Core/Src/main.o
 .debug_rnglists
                0x00000033       0x1a ./Core/Src/pinDriver.o
 .debug_rnglists
                0x0000004d       0x2c ./Core/Src/pinRenderer.o
 .debug_rnglists
                0x00000079       0x1f ./Core/Src/stm32g0xx_hal_msp.o
 .debug_rnglists
                0x00000098       0x31 ./Core/Src/stm32g0xx_it.o
 .debug_rnglists
                0x000000c9       0x1a ./Core/Src/system_stm32g0xx.o
 .debug_rnglists
                0x000000e3       0x19 ./Core/Startup/startup_stm32g071r8tx.o
 .debug_rnglists
                0x000000fc       0xd4 ./Drivers/STM32G0xx_HAL_Driver/Src/stm32g0xx_hal.o
 .debug_rnglists
                0x000001d0       0xaa ./Drivers/STM32G0xx_HAL_Driver/Src/stm32g0xx_hal_cortex.o
 .debug_rnglists
                0x0000027a       0x45 ./Drivers/STM32G0xx_HAL_Driver/Src/stm32g0xx_hal_gpio.o
 .debug_rnglists
                0x000002bf       0xb5 ./Drivers/STM32G0xx_HAL_Driver/Src/stm32g0xx_hal_pwr_ex.o
 .debug_rnglists
                0x00000374       0x79 ./Drivers/STM32G0xx_HAL_Driver/Src/stm32g0xx_hal_rcc.o
 .debug_rnglists
                0x000003ed      0x32b ./Drivers/STM32G0xx_HAL_Driver/Src/stm32g0xx_hal_tim.o
 .debug_rnglists
                0x00000718      0x14e ./Drivers/STM32G0xx_HAL_Driver/Src/stm32g0xx_hal_tim_ex.o

.debug_frame    0x00000000     0x268c
 .debug_frame   0x00000000       0xc8 ./Core/Src/main.o
 .debug_frame   0x000000c8       0x54 ./Core/Src/pinDriver.o
 .debug_frame   0x0000011c       0xa8 ./Core/Src/pinRenderer.o
 .debug_frame   0x000001c4       0x70 ./Core/Src/stm32g0xx_hal_msp.o
 .debug_frame   0x00000234       0xb8 ./Core/Src/stm32g0xx_it.o
 .debug_frame   0x000002ec       0x4c ./Core/Src/system_stm32g0xx.o
 .debug_frame   0x00000338      0x3dc ./Drivers/STM32G0xx_HAL_Driver/Src/stm32g0xx_hal.o
 .debug_frame   0x00000714      0x33c ./Drivers/STM32G0xx_HAL_Driver/Src/stm32g0xx_hal_cortex.o
 .debug_frame   0x00000a50      0x130 ./Drivers/STM32G0xx_HAL_Driver/Src/stm32g0xx_hal_gpio.o
 .debug_frame   0x00000b80      0x32c ./Drivers/STM32G0xx_HAL_Driver/Src/stm32g0xx_hal_pwr_ex.o
 .debug_frame   0x00000eac      0x214 ./Drivers/STM32G0xx_HAL_Driver/Src/stm32g0xx_hal_rcc.o
 .debug_frame   0x000010c0      0xf40 ./Drivers/STM32G0xx_HAL_Driver/Src/stm32g0xx_hal_tim.o
 .debug_frame   0x00002000      0x620 ./Drivers/STM32G0xx_HAL_Driver/Src/stm32g0xx_hal_tim_ex.o
 .debug_frame   0x00002620       0x20 C:/ST/STM32CubeIDE_2.2.0/STM32CubeIDE/plugins/com.st.stm32cube.ide.mcu.externaltools.gnu-tools-for-stm32.14.3.rel1.win32_1.0.100.202602081740/tools/bin/../lib/gcc/arm-none-eabi/14.3.1/../../../../arm-none-eabi/lib/thumb/v6-m/nofp\libc_nano.a(libc_a-memset.o)
 .debug_frame   0x00002640       0x2c C:/ST/STM32CubeIDE_2.2.0/STM32CubeIDE/plugins/com.st.stm32cube.ide.mcu.externaltools.gnu-tools-for-stm32.14.3.rel1.win32_1.0.100.202602081740/tools/bin/../lib/gcc/arm-none-eabi/14.3.1/../../../../arm-none-eabi/lib/thumb/v6-m/nofp\libc_nano.a(libc_a-init.o)
 .debug_frame   0x0000266c       0x20 C:/ST/STM32CubeIDE_2.2.0/STM32CubeIDE/plugins/com.st.stm32cube.ide.mcu.externaltools.gnu-tools-for-stm32.14.3.rel1.win32_1.0.100.202602081740/tools/bin/../lib/gcc/arm-none-eabi/14.3.1/thumb/v6-m/nofp\libgcc.a(_udivsi3.o)

.debug_line_str
                0x00000000       0x69
 .debug_line_str
                0x00000000       0x69 ./Core/Startup/startup_stm32g071r8tx.o
